#Test the output of findPath in a complicated graph

# Load the graph
loaded graph marvel

# Find the path
path from WARLORD to WU, LEIKO:
WARLORD to DAGGER/TANDY BOWEN via AA2 18
DAGGER/TANDY BOWEN to ANT-MAN/DR. HENRY J. via FF@ 22
ANT-MAN/DR. HENRY J. to WU, LEIKO via H2 434

path from LUPO to ROM CLONE:
LUPO to ANGEL/WARREN KENNETH via M/FAN 3
ANGEL/WARREN KENNETH to DARKSTAR/LAYNIA SERG via CHAMP 10
DARKSTAR/LAYNIA SERG to ROM CLONE via ROM 45

path from OSAMA to ROM CLONE:
OSAMA to AURORA/JEANNE-MARIE  via UX 120
AURORA/JEANNE-MARIE  to DARKSTAR/LAYNIA SERG via COC 1
DARKSTAR/LAYNIA SERG to ROM CLONE via ROM 45
